exports[`ClickListItem compares component to snapshot 1`] = `
<button
  className="list-group-item list-group-item-danger"
  onClick={[Function]}
  type="button">
  <b>
    MyStatName
  </b>
   : 
  some info
</button>
`;
